// Jest Snapshot v1, https://goo.gl/fbAQLP

exports[`Button 1`] = `
<div>
  <button
    className="btn"
    type="button"
  >
    Custom Button
  </button>
</div>
`;
